gonza-admin/src/lib/supabase.ts(3,33): error TS2339: Property 'env' does not exist on type 'ImportMeta'.
gonza-admin/src/lib/supabase.ts(4,37): error TS2339: Property 'env' does not exist on type 'ImportMeta'.
gonza-admin/src/main.tsx(3,17): error TS5097: An import path can only end with a '.tsx' extension when 'allowImportingTsExtensions' is enabled.
gonza-admin/vite.config.ts(1,30): error TS2307: Cannot find module 'vite' or its corresponding type declarations.
gonza-admin/vite.config.ts(2,19): error TS2307: Cannot find module '@vitejs/plugin-react' or its corresponding type declarations.
gonza-admin/vite.config.ts(3,25): error TS2307: Cannot find module '@tailwindcss/vite' or its corresponding type declarations.
prisma/db.ts(8,3): error TS2305: Module '"@prisma/client"' has no exported member 'DiscountType'.
prisma/db.ts(24,3): error TS2305: Module '"@prisma/client"' has no exported member 'SaleItem'.
src/app/billing-history/page.tsx(95,32): error TS2339: Property 'user_metadata' does not exist on type 'User'.
src/app/billing-history/page.tsx(95,61): error TS2339: Property 'phone' does not exist on type 'User'.
src/app/customers/page.tsx(116,25): error TS18047: 'searchParams' is possibly 'null'.
src/app/customers/page.tsx(123,28): error TS18047: 'searchParams' is possibly 'null'.
src/app/customers/page.tsx(316,9): error TS2322: Type '(customerData: Omit<Customer, "id" | "createdAt" | "updatedAt">) => Promise<boolean>' is not assignable to type '(data: Partial<Customer>) => void'.
  Types of parameters 'customerData' and 'data' are incompatible.
    Type 'Partial<Customer>' is not assignable to type 'Omit<Customer, "id" | "createdAt" | "updatedAt">'.
      Types of property 'email' are incompatible.
        Type 'string | null | undefined' is not assignable to type 'string | null'.
          Type 'undefined' is not assignable to type 'string | null'.
src/app/new-sale/page.tsx(31,18): error TS18047: 'searchParams' is possibly 'null'.
src/app/products/page.tsx(60,5): error TS2339: Property 'filteredProducts' does not exist on type '{ products: Product[]; isLoading: boolean; loadProducts: () => Promise<{ products: Product[]; count: number; }>; page: number; setPage: Dispatch<SetStateAction<number>>; ... 11 more ...; setFilters: (newFilters: ProductFilters) => void; }'.
src/app/products/page.tsx(754,30): error TS2304: Cannot find name 'navigate'.
src/app/products/page.tsx(773,42): error TS2304: Cannot find name 'navigate'.
src/app/products/page.tsx(980,40): error TS2304: Cannot find name 'navigate'.
src/components/analytics/SalesPerformanceChart.tsx(89,39): error TS2345: Argument of type 'Date | undefined' is not assignable to parameter of type 'DateArg<Date>'.
  Type 'undefined' is not assignable to type 'DateArg<Date>'.
src/components/analytics/SalesPerformanceChart.tsx(89,79): error TS2345: Argument of type 'Date | undefined' is not assignable to parameter of type 'DateArg<Date>'.
  Type 'undefined' is not assignable to type 'DateArg<Date>'.
src/components/auth/RequiredSetupGate.tsx(47,47): error TS2339: Property 'user_metadata' does not exist on type 'User'.
src/components/auth/ResetPasswordRoute.tsx(2,27): error TS2307: Cannot find module '@/pages/ResetPassword' or its corresponding type declarations.
src/components/auth/SubscriptionGate.tsx(107,39): error TS2339: Property 'user_metadata' does not exist on type 'User'.
src/components/auth/SubscriptionGate.tsx(107,68): error TS2339: Property 'phone' does not exist on type 'User'.
src/components/customers/CustomerList.tsx(179,57): error TS7006: Parameter 'tag' implicitly has an 'any' type.
src/components/customers/CustomerList.tsx(179,62): error TS7006: Parameter 'i' implicitly has an 'any' type.
src/components/customers/CustomerList.tsx(275,57): error TS7006: Parameter 'tag' implicitly has an 'any' type.
src/components/customers/CustomerList.tsx(275,62): error TS7006: Parameter 'i' implicitly has an 'any' type.
src/components/customers/CustomerPurchaseHistory.tsx(77,17): error TS2304: Cannot find name 'Badge'.
src/components/customers/CustomerPurchaseHistory.tsx(77,69): error TS2304: Cannot find name 'Badge'.
src/components/customers/CustomerPurchaseHistory.tsx(79,17): error TS2304: Cannot find name 'Badge'.
src/components/customers/CustomerPurchaseHistory.tsx(79,67): error TS2304: Cannot find name 'Badge'.
src/components/customers/CustomerPurchaseHistory.tsx(81,17): error TS2304: Cannot find name 'Badge'.
src/components/customers/CustomerPurchaseHistory.tsx(81,68): error TS2304: Cannot find name 'Badge'.
src/components/customers/CustomerPurchaseHistory.tsx(83,17): error TS2304: Cannot find name 'Badge'.
src/components/customers/CustomerPurchaseHistory.tsx(83,78): error TS2304: Cannot find name 'Badge'.
src/components/customers/CustomerPurchaseHistory.tsx(85,17): error TS2304: Cannot find name 'Badge'.
src/components/customers/CustomerPurchaseHistory.tsx(85,33): error TS2304: Cannot find name 'Badge'.
src/components/customers/CustomerPurchaseHistory.tsx(108,10): error TS2304: Cannot find name 'Loader2'.
src/components/expenses/ExpenseForm.tsx(60,37): error TS7031: Binding element 'data' implicitly has an 'any' type.
src/components/history/HistoryFilters.tsx(8,27): error TS2614: Module '"@/pages/History"' has no exported member 'ActivityType'. Did you mean to use 'import ActivityType from "@/pages/History"' instead?
src/components/history/HistoryFilters.tsx(8,41): error TS2614: Module '"@/pages/History"' has no exported member 'ModuleType'. Did you mean to use 'import ModuleType from "@/pages/History"' instead?
src/components/inventory/BulkStockAddTab.tsx(167,5): error TS2339: Property 'loadStockHistory' does not exist on type '{ stockHistory: StockHistoryEntry[]; isLoading: boolean; createStockHistoryEntry: (targetProductId: string, previousQuantity: number, newQuantity: number, reason: string, referenceId?: string | undefined, entryDate?: Date | undefined, receiptNumber?: string | undefined, productName?: string | undefined) => Promise<....'.
src/components/inventory/CSVUploadDialog.tsx(79,7): error TS2322: Type '(string | undefined)[]' is not assignable to type 'string[]'.
  Type 'string | undefined' is not assignable to type 'string'.
    Type 'undefined' is not assignable to type 'string'.
src/components/inventory/DesktopProductTable.tsx(439,88): error TS2345: Argument of type '"price"' is not assignable to parameter of type '"cost" | "selling" | "profit"'.
src/components/inventory/ProductDetails.tsx(394,31): error TS2322: Type 'string | null' is not assignable to type 'string'.
  Type 'null' is not assignable to type 'string'.
src/components/inventory/ProductDetails.tsx(420,31): error TS2322: Type 'string | null' is not assignable to type 'string'.
  Type 'null' is not assignable to type 'string'.
src/components/inventory/SavedRequisitions.tsx(169,39): error TS18046: 'error' is of type 'unknown'.
src/components/inventory/SavedRequisitions.tsx(170,37): error TS18046: 'error' is of type 'unknown'.
src/components/inventory/SavedRequisitions.tsx(173,40): error TS18046: 'error' is of type 'unknown'.
src/components/inventory/StockCountTab.tsx(153,56): error TS2339: Property 'loadStockHistory' does not exist on type '{ stockHistory: StockHistoryEntry[]; isLoading: boolean; createStockHistoryEntry: (targetProductId: string, previousQuantity: number, newQuantity: number, reason: string, referenceId?: string | undefined, entryDate?: Date | undefined, receiptNumber?: string | undefined, productName?: string | undefined) => Promise<....'.
src/components/inventory/StockCountTab.tsx(586,13): error TS2339: Property 'deleteMultipleStockHistoryEntries' does not exist on type '{ stockHistory: StockHistoryEntry[]; isLoading: boolean; createStockHistoryEntry: (targetProductId: string, previousQuantity: number, newQuantity: number, reason: string, referenceId?: string | undefined, entryDate?: Date | undefined, receiptNumber?: string | undefined, productName?: string | undefined) => Promise<....'.
src/components/inventory/StockInputHistory.tsx(39,36): error TS2339: Property 'updateStockHistoryEntry' does not exist on type '{ stockHistory: StockHistoryEntry[]; isLoading: boolean; createStockHistoryEntry: (targetProductId: string, previousQuantity: number, newQuantity: number, reason: string, referenceId?: string | undefined, entryDate?: Date | undefined, receiptNumber?: string | undefined, productName?: string | undefined) => Promise<....'.
src/components/inventory/StockInputHistory.tsx(39,61): error TS2339: Property 'deleteStockHistoryEntry' does not exist on type '{ stockHistory: StockHistoryEntry[]; isLoading: boolean; createStockHistoryEntry: (targetProductId: string, previousQuantity: number, newQuantity: number, reason: string, referenceId?: string | undefined, entryDate?: Date | undefined, receiptNumber?: string | undefined, productName?: string | undefined) => Promise<....'.
src/components/inventory/StockInputHistory.tsx(39,86): error TS2339: Property 'deleteMultipleStockHistoryEntries' does not exist on type '{ stockHistory: StockHistoryEntry[]; isLoading: boolean; createStockHistoryEntry: (targetProductId: string, previousQuantity: number, newQuantity: number, reason: string, referenceId?: string | undefined, entryDate?: Date | undefined, receiptNumber?: string | undefined, productName?: string | undefined) => Promise<....'.
src/components/inventory/StockInputHistory.tsx(39,121): error TS2339: Property 'recalculateProductStock' does not exist on type '{ stockHistory: StockHistoryEntry[]; isLoading: boolean; createStockHistoryEntry: (targetProductId: string, previousQuantity: number, newQuantity: number, reason: string, referenceId?: string | undefined, entryDate?: Date | undefined, receiptNumber?: string | undefined, productName?: string | undefined) => Promise<....'.
src/components/inventory/StockInputHistory.tsx(39,146): error TS2339: Property 'loadStockHistory' does not exist on type '{ stockHistory: StockHistoryEntry[]; isLoading: boolean; createStockHistoryEntry: (targetProductId: string, previousQuantity: number, newQuantity: number, reason: string, referenceId?: string | undefined, entryDate?: Date | undefined, receiptNumber?: string | undefined, productName?: string | undefined) => Promise<....'.
src/components/inventory/StockReconciliation.tsx(204,22): error TS7006: Parameter 'sum' implicitly has an 'any' type.
src/components/inventory/StockReconciliation.tsx(204,27): error TS7006: Parameter 'item' implicitly has an 'any' type.
src/components/inventory/StockSummaryTab.tsx(28,3): error TS2300: Duplicate identifier 'returnOut'.
src/components/inventory/StockSummaryTab.tsx(29,3): error TS2300: Duplicate identifier 'returnOut'.
src/components/inventory/StockSummaryTable.tsx(34,3): error TS2300: Duplicate identifier 'returnOut'.
src/components/inventory/StockSummaryTable.tsx(35,3): error TS2300: Duplicate identifier 'returnOut'.
src/components/inventory/StockSummaryTable.tsx(241,7): error TS1117: An object literal cannot have multiple properties with the same name.
src/components/inventory/StockSummaryTable.tsx(294,44): error TS2322: Type 'string | undefined' is not assignable to type 'string'.
  Type 'undefined' is not assignable to type 'string'.
src/components/inventory/TopSellingProductsTable.tsx(99,17): error TS2345: Argument of type 'undefined' is not assignable to parameter of type 'string'.
src/components/inventory/TopSellingProductsTable.tsx(104,17): error TS2345: Argument of type 'undefined' is not assignable to parameter of type 'string'.
src/components/messages/BulkMessageDialog.tsx(67,38): error TS2551: Property 'full_name' does not exist on type 'Customer'. Did you mean 'fullName'?
src/components/messages/BulkMessageDialog.tsx(67,81): error TS2339: Property 'name' does not exist on type 'Customer'.
src/components/messages/BulkMessageDialog.tsx(113,14): error TS2551: Property 'phone_number' does not exist on type 'Customer'. Did you mean 'phoneNumber'?
src/components/messages/BulkMessageDialog.tsx(113,63): error TS2339: Property 'phone' does not exist on type 'Customer'.
src/components/messages/BulkMessageDialog.tsx(113,81): error TS2339: Property 'contact' does not exist on type 'Customer'.
src/components/messages/BulkMessageDialog.tsx(120,30): error TS2551: Property 'full_name' does not exist on type 'Customer'. Did you mean 'fullName'?
src/components/messages/BulkMessageDialog.tsx(120,73): error TS2339: Property 'name' does not exist on type 'Customer'.
src/components/messages/BulkMessageDialog.tsx(300,76): error TS2551: Property 'full_name' does not exist on type 'Customer'. Did you mean 'fullName'?
src/components/messages/BulkMessageDialog.tsx(300,119): error TS2339: Property 'name' does not exist on type 'Customer'.
src/components/messages/MessageContent.tsx(44,39): error TS2551: Property 'full_name' does not exist on type 'Customer'. Did you mean 'fullName'?
src/components/messages/MessageContent.tsx(44,82): error TS2339: Property 'name' does not exist on type 'Customer'.
src/components/messages/MessageContent.tsx(98,47): error TS2551: Property 'full_name' does not exist on type 'Customer'. Did you mean 'fullName'?
src/components/messages/MessageContent.tsx(98,90): error TS2339: Property 'name' does not exist on type 'Customer'.
src/components/messages/MessageTemplateDialog.tsx(65,7): error TS2322: Type 'string | undefined' is not assignable to type 'string | null'.
  Type 'undefined' is not assignable to type 'string | null'.
src/components/messages/NewMessageDialog.tsx(58,16): error TS2551: Property 'phone_number' does not exist on type 'Customer'. Did you mean 'phoneNumber'?
src/components/messages/NewMessageDialog.tsx(58,67): error TS2339: Property 'phone' does not exist on type 'Customer'.
src/components/messages/NewMessageDialog.tsx(58,86): error TS2339: Property 'contact' does not exist on type 'Customer'.
src/components/messages/NewMessageDialog.tsx(65,25): error TS2551: Property 'full_name' does not exist on type 'Customer'. Did you mean 'fullName'?
src/components/messages/NewMessageDialog.tsx(65,54): error TS2339: Property 'name' does not exist on type 'Customer'.
src/components/messages/NewMessageDialog.tsx(153,26): error TS2551: Property 'full_name' does not exist on type 'Customer'. Did you mean 'fullName'?
src/components/messages/NewMessageDialog.tsx(153,55): error TS2339: Property 'name' does not exist on type 'Customer'.
src/components/messages/TopUpCreditsDialog.tsx(18,41): error TS2339: Property 'env' does not exist on type 'ImportMeta'.
src/components/PrintableReceipt.tsx(227,40): error TS2345: Argument of type '{ documentTitle: string; documentNumberLabel: string; receiptNumber: string; date: string; time: string; status: "NOT PAID" | "Installment Sale" | "Paid" | "Quote"; businessName: string; ... 21 more ...; notes: string | undefined; }' is not assignable to parameter of type 'ReceiptData'.
  Types of property 'customerAddress' are incompatible.
    Type 'string | undefined' is not assignable to type 'string'.
      Type 'undefined' is not assignable to type 'string'.
src/components/PrintableReceipt.tsx(253,54): error TS2345: Argument of type '{ documentTitle: string; documentNumberLabel: string; receiptNumber: string; date: string; time: string; status: "NOT PAID" | "Installment Sale" | "Paid" | "Quote"; businessName: string; ... 21 more ...; notes: string | undefined; }' is not assignable to parameter of type 'ReceiptData'.
  Types of property 'customerAddress' are incompatible.
    Type 'string | undefined' is not assignable to type 'string'.
      Type 'undefined' is not assignable to type 'string'.
src/components/PrintableReceipt.tsx(324,56): error TS2345: Argument of type '{ documentTitle: string; documentNumberLabel: string; receiptNumber: string; date: string; time: string; status: "NOT PAID" | "Installment Sale" | "Paid" | "Quote"; businessName: string; ... 21 more ...; notes: string | undefined; }' is not assignable to parameter of type 'ReceiptData'.
  Types of property 'customerAddress' are incompatible.
    Type 'string | undefined' is not assignable to type 'string'.
      Type 'undefined' is not assignable to type 'string'.
src/components/ProductSaleItemInput.tsx(275,21): error TS2345: Argument of type '{ description: string; price: number; cost: number; productId: null; discountAmount: number; discountPercentage: number; quantity: number; discountType?: "percentage" | "amount"; }' is not assignable to parameter of type 'SaleItem'.
  Types of property 'productId' are incompatible.
    Type 'null' is not assignable to type 'string | undefined'.
src/components/profiles/NewProfileDialog.tsx(59,42): error TS2345: Argument of type '{ profile_name: string; email: string; phone_number: string | undefined; role: string; role_id: string | null; pin: string; is_active: true; }' is not assignable to parameter of type 'Omit<BusinessProfile, "id" | "created_at" | "updated_at" | "created_by" | "business_location_id" | "business_role">'.
  Property 'sms_credits' is missing in type '{ profile_name: string; email: string; phone_number: string | undefined; role: string; role_id: string | null; pin: string; is_active: true; }' but required in type 'Omit<BusinessProfile, "id" | "created_at" | "updated_at" | "created_by" | "business_location_id" | "business_role">'.
src/components/SalesForm.tsx(75,11): error TS2339: Property 'updateStockHistoryDatesBySaleId' does not exist on type '{ stockHistory: StockHistoryEntry[]; isLoading: boolean; createStockHistoryEntry: (targetProductId: string, previousQuantity: number, newQuantity: number, reason: string, referenceId?: string | undefined, entryDate?: Date | undefined, receiptNumber?: string | undefined, productName?: string | undefined) => Promise<....'.
src/components/SalesForm.tsx(595,9): error TS2322: Type 'number | null | undefined' is not assignable to type 'number'.
  Type 'undefined' is not assignable to type 'number'.
src/components/SalesForm.tsx(622,9): error TS2322: Type '(paymentId: string, accountId: string, locationId: string) => Promise<void>' is not assignable to type '(paymentId: string, accountId: string) => Promise<void>'.
  Target signature provides too few arguments. Expected 3 or more, but got 2.
src/components/settings/SignatureManager.tsx(105,15): error TS2322: Type 'string | null | undefined' is not assignable to type 'string | undefined'.
  Type 'null' is not assignable to type 'string | undefined'.
src/components/tasks/TaskList.tsx(79,9): error TS2322: Type '(string | null)[]' is not assignable to type 'string[]'.
  Type 'string | null' is not assignable to type 'string'.
    Type 'null' is not assignable to type 'string'.
src/hooks/sale-form/useFormValidation.ts(28,9): error TS18049: 'formData.taxRate' is possibly 'null' or 'undefined'.
src/hooks/sale-form/useFormValidation.ts(45,17): error TS2339: Property 'items' does not exist on type 'FormErrors'.
src/hooks/sale-form/useFormValidation.ts(55,17): error TS2339: Property 'cashAccount' does not exist on type 'FormErrors'.
src/hooks/sale-form/useFormValidation.ts(60,19): error TS2339: Property 'amountPaid' does not exist on type 'FormErrors'.
src/hooks/sale-form/useFormValidation.ts(63,19): error TS2339: Property 'amountPaid' does not exist on type 'FormErrors'.
src/hooks/sale-form/useFormValidation.ts(69,19): error TS2339: Property 'amountPaid' does not exist on type 'FormErrors'.
src/hooks/sale-form/usePaymentOperations.ts(28,51): error TS2345: Argument of type '{ amount?: number | undefined; notes?: string | undefined; paymentDate?: Date | undefined; } | undefined' is not assignable to parameter of type '{ amount?: number | undefined; notes?: string | undefined; paymentDate?: Date | undefined; }'.
  Type 'undefined' is not assignable to type '{ amount?: number | undefined; notes?: string | undefined; paymentDate?: Date | undefined; }'.
src/hooks/useBulkProductActions.ts(19,62): error TS2345: Argument of type '(products: Product[]) => void' is not assignable to parameter of type 'Dispatch<SetStateAction<Product[]>>'.
  Types of parameters 'products' and 'value' are incompatible.
    Type 'SetStateAction<Product[]>' is not assignable to type 'Product[]'.
      Type '(prevState: Product[]) => Product[]' is not assignable to type 'Product[]'.
src/hooks/useBulkProducts.ts(61,87): error TS2345: Argument of type '(string | undefined)[]' is not assignable to parameter of type 'string[]'.
  Type 'string | undefined' is not assignable to type 'string'.
    Type 'undefined' is not assignable to type 'string'.
src/hooks/useBulkProducts.ts(119,51): error TS18048: 'category' is possibly 'undefined'.
src/hooks/useBusinessSettings.ts(87,11): error TS2322: Type 'string | null' is not assignable to type 'string'.
  Type 'null' is not assignable to type 'string'.
src/hooks/useBusinessSettings.ts(88,11): error TS2322: Type 'string | null' is not assignable to type 'string'.
  Type 'null' is not assignable to type 'string'.
src/hooks/useBusinessSettings.ts(89,11): error TS2322: Type 'string | null' is not assignable to type 'string'.
  Type 'null' is not assignable to type 'string'.
src/hooks/useBusinessSettings.ts(90,11): error TS2322: Type 'string | null' is not assignable to type 'string'.
  Type 'null' is not assignable to type 'string'.
src/hooks/useBusinessSettings.ts(91,11): error TS2322: Type 'string | null' is not assignable to type 'string | undefined'.
  Type 'null' is not assignable to type 'string | undefined'.
src/hooks/useBusinessSettings.ts(93,11): error TS2322: Type 'string | null' is not assignable to type 'string | undefined'.
  Type 'null' is not assignable to type 'string | undefined'.
src/hooks/useBusinessSettingsForm.ts(84,46): error TS2322: Type 'null' is not assignable to type 'string | undefined'.
src/hooks/useCarriageInwards.ts(56,57): error TS7006: Parameter 'item' implicitly has an 'any' type.
src/hooks/useCashTransactions.ts(210,31): error TS2322: Type 'number | undefined' is not assignable to type 'number'.
  Type 'undefined' is not assignable to type 'number'.
src/hooks/useCategories.ts(80,9): error TS2353: Object literal may only specify known properties, and 'createdAt' does not exist in type 'ProductCategory'.
src/hooks/useCustomers.ts(140,24): error TS2339: Property 'fullName' does not exist on type '{ name: string; id: string; createdAt: Date; updatedAt: Date; email: string | null; agencyId: string | null; branchId: string | null; phone: string | null; adminId: string; address: string | null; ... 11 more ...; assignee: string | null; }'.
src/hooks/useCustomers.ts(141,27): error TS2339: Property 'phoneNumber' does not exist on type '{ name: string; id: string; createdAt: Date; updatedAt: Date; email: string | null; agencyId: string | null; branchId: string | null; phone: string | null; adminId: string; address: string | null; ... 11 more ...; assignee: string | null; }'.
src/hooks/useCustomers.ts(145,24): error TS2339: Property 'location' does not exist on type '{ name: string; id: string; createdAt: Date; updatedAt: Date; email: string | null; agencyId: string | null; branchId: string | null; phone: string | null; adminId: string; address: string | null; ... 11 more ...; assignee: string | null; }'.
src/hooks/useCustomers.ts(149,9): error TS2322: Type 'JsonValue' is not assignable to type '{ instagram?: string | undefined; facebook?: string | undefined; twitter?: string | undefined; linkedin?: string | undefined; } | null'.
  Type 'string' has no properties in common with type '{ instagram?: string | undefined; facebook?: string | undefined; twitter?: string | undefined; linkedin?: string | undefined; }'.
src/hooks/useMessages.ts(173,42): error TS7006: Parameter 'msg' implicitly has an 'any' type.
src/hooks/useMessages.ts(350,31): error TS7006: Parameter 'customer' implicitly has an 'any' type.
src/hooks/useMessages.ts(385,31): error TS7006: Parameter 'msg' implicitly has an 'any' type.
src/hooks/useMessages.ts(412,45): error TS2339: Property 'env' does not exist on type 'ImportMeta'.
src/hooks/useMessages.ts(473,33): error TS2339: Property 'env' does not exist on type 'ImportMeta'.
src/hooks/useProductImage.ts(326,31): error TS18046: 'error' is of type 'unknown'.
src/hooks/useProductImage.ts(326,62): error TS18046: 'error' is of type 'unknown'.
src/hooks/useProductImage.ts(350,11): error TS18046: 'error' is of type 'unknown'.
src/hooks/useProductImage.ts(350,42): error TS18046: 'error' is of type 'unknown'.
src/hooks/useProductImage.ts(352,18): error TS18046: 'error' is of type 'unknown'.
src/hooks/useProductImage.ts(354,18): error TS18046: 'error' is of type 'unknown'.
src/hooks/useProductImage.ts(356,18): error TS18046: 'error' is of type 'unknown'.
src/hooks/useProductImage.ts(356,55): error TS18046: 'error' is of type 'unknown'.
src/hooks/useSaleFormLogic.ts(98,29): error TS2322: Type 'number | null | undefined' is not assignable to type 'number'.
  Type 'undefined' is not assignable to type 'number'.
src/hooks/useStockSummaryData.ts(19,3): error TS2300: Duplicate identifier 'returnOut'.
src/hooks/useStockSummaryData.ts(20,3): error TS2300: Duplicate identifier 'returnOut'.
src/pages/CarriageInwards.tsx(225,13): error TS2322: Type '((record: any) => void) | undefined' is not assignable to type '(record: CarriageInward) => void'.
  Type 'undefined' is not assignable to type '(record: CarriageInward) => void'.
src/pages/CarriageInwards.tsx(226,13): error TS2322: Type '((id: string) => Promise<boolean>) | undefined' is not assignable to type '(id: string) => void'.
  Type 'undefined' is not assignable to type '(id: string) => void'.
src/pages/Inventory.tsx(51,5): error TS2339: Property 'filteredProducts' does not exist on type '{ products: Product[]; isLoading: boolean; loadProducts: () => Promise<{ products: Product[]; count: number; }>; page: number; setPage: Dispatch<SetStateAction<number>>; ... 11 more ...; setFilters: (newFilters: ProductFilters) => void; }'.
src/pages/Messages.tsx(230,45): error TS7006: Parameter 'v' implicitly has an 'any' type.
src/pages/ProductDetail.tsx(19,54): error TS2339: Property 'loadStockHistory' does not exist on type '{ stockHistory: StockHistoryEntry[]; isLoading: boolean; createStockHistoryEntry: (targetProductId: string, previousQuantity: number, newQuantity: number, reason: string, referenceId?: string | undefined, entryDate?: Date | undefined, receiptNumber?: string | undefined, productName?: string | undefined) => Promise<....'.
src/pages/ProductDetail.tsx(19,72): error TS2339: Property 'updateStockHistoryEntry' does not exist on type '{ stockHistory: StockHistoryEntry[]; isLoading: boolean; createStockHistoryEntry: (targetProductId: string, previousQuantity: number, newQuantity: number, reason: string, referenceId?: string | undefined, entryDate?: Date | undefined, receiptNumber?: string | undefined, productName?: string | undefined) => Promise<....'.
src/pages/ProductDetail.tsx(19,97): error TS2339: Property 'deleteStockHistoryEntry' does not exist on type '{ stockHistory: StockHistoryEntry[]; isLoading: boolean; createStockHistoryEntry: (targetProductId: string, previousQuantity: number, newQuantity: number, reason: string, referenceId?: string | undefined, entryDate?: Date | undefined, receiptNumber?: string | undefined, productName?: string | undefined) => Promise<....'.
src/pages/ProductDetail.tsx(19,122): error TS2339: Property 'recalculateProductStock' does not exist on type '{ stockHistory: StockHistoryEntry[]; isLoading: boolean; createStockHistoryEntry: (targetProductId: string, previousQuantity: number, newQuantity: number, reason: string, referenceId?: string | undefined, entryDate?: Date | undefined, receiptNumber?: string | undefined, productName?: string | undefined) => Promise<....'.
src/pages/Products.tsx(60,5): error TS2339: Property 'filteredProducts' does not exist on type '{ products: Product[]; isLoading: boolean; loadProducts: () => Promise<{ products: Product[]; count: number; }>; page: number; setPage: Dispatch<SetStateAction<number>>; ... 11 more ...; setFilters: (newFilters: ProductFilters) => void; }'.
src/pages/StockReconciliationPage.tsx(56,11): error TS2339: Property 'repairAllStockChains' does not exist on type '{ stockHistory: StockHistoryEntry[]; isLoading: boolean; createStockHistoryEntry: (targetProductId: string, previousQuantity: number, newQuantity: number, reason: string, referenceId?: string | undefined, entryDate?: Date | undefined, receiptNumber?: string | undefined, productName?: string | undefined) => Promise<....'.
src/pages/StockReconciliationPage.tsx(56,33): error TS2339: Property 'previewStockChainRepairs' does not exist on type '{ stockHistory: StockHistoryEntry[]; isLoading: boolean; createStockHistoryEntry: (targetProductId: string, previousQuantity: number, newQuantity: number, reason: string, referenceId?: string | undefined, entryDate?: Date | undefined, receiptNumber?: string | undefined, productName?: string | undefined) => Promise<....'.
src/pages/StockReconciliationPage.tsx(127,64): error TS7006: Parameter 'current' implicitly has an 'any' type.
src/pages/StockReconciliationPage.tsx(127,73): error TS7006: Parameter 'total' implicitly has an 'any' type.
src/pages/StockReconciliationPage.tsx(150,54): error TS7006: Parameter 'current' implicitly has an 'any' type.
src/pages/StockReconciliationPage.tsx(150,63): error TS7006: Parameter 'total' implicitly has an 'any' type.
src/pages/StockReconciliationPage.tsx(197,69): error TS2551: Property 'item_number' does not exist on type 'Product'. Did you mean 'itemNumber'?
src/pages/StockReconciliationPage.tsx(198,79): error TS2551: Property 'item_number' does not exist on type 'Product'. Did you mean 'itemNumber'?
src/pages/StockReconciliationPage.tsx(304,20): error TS7006: Parameter 'sum' implicitly has an 'any' type.
src/pages/StockReconciliationPage.tsx(304,25): error TS7006: Parameter 'item' implicitly has an 'any' type.
src/pages/StockReconciliationPage.tsx(570,53): error TS2339: Property 'map' does not exist on type 'false | Product[]'.
  Property 'map' does not exist on type 'false'.
src/pages/StockReconciliationPage.tsx(570,58): error TS7006: Parameter 'p' implicitly has an 'any' type.
src/pages/StockReconciliationPage.tsx(728,109): error TS2552: Cannot find name 'format'. Did you mean 'FormData'?
src/utils/exportSoldItemsToPDF.ts(195,36): error TS18048: 'item.totalCost' is possibly 'undefined'.
src/utils/exportSoldItemsToPDF.ts(196,36): error TS2769: No overload matches this call.
  Overload 1 of 3, '(value: number | bigint | StringNumericLiteral): string', gave the following error.
    Argument of type 'number | undefined' is not assignable to parameter of type 'number | bigint | StringNumericLiteral'.
      Type 'undefined' is not assignable to type 'number | bigint | StringNumericLiteral'.
  Overload 2 of 3, '(value: number | bigint): string', gave the following error.
    Argument of type 'number | undefined' is not assignable to parameter of type 'number | bigint'.
      Type 'undefined' is not assignable to type 'number | bigint'.
  Overload 3 of 3, '(value: number): string', gave the following error.
    Argument of type 'number | undefined' is not assignable to parameter of type 'number'.
      Type 'undefined' is not assignable to type 'number'.
src/utils/generateReceiptNumber.ts(30,43): error TS2345: Argument of type 'string | undefined' is not assignable to parameter of type 'string'.
  Type 'undefined' is not assignable to type 'string'.
src/utils/generateReceiptNumber.ts(53,25): error TS7006: Parameter 'sale' implicitly has an 'any' type.
src/utils/generateReceiptVectorPDF.ts(161,9): error TS2322: Type 'string | undefined' is not assignable to type 'string'.
  Type 'undefined' is not assignable to type 'string'.
src/utils/generateReceiptVectorPDF.ts(396,39): error TS2345: Argument of type 'number | undefined' is not assignable to parameter of type 'number'.
  Type 'undefined' is not assignable to type 'number'.
src/utils/generateReceiptVectorPDF.ts(506,33): error TS18048: 'receiptData.taxAmount' is possibly 'undefined'.
src/utils/generateReceiptVectorPDF.ts(519,28): error TS2345: Argument of type 'number | undefined' is not assignable to parameter of type 'number'.
  Type 'undefined' is not assignable to type 'number'.
src/utils/generateReceiptVectorPDF.ts(796,9): error TS2322: Type 'string | undefined' is not assignable to type 'string'.
  Type 'undefined' is not assignable to type 'string'.
src/utils/generateThermalReceipt.ts(1,27): error TS7016: Could not find a declaration file for module 'esc-pos-encoder'. 'C:/Users/HP/Downloads/FINAL/node_modules/esc-pos-encoder/dist/esc-pos-encoder.mjs' implicitly has an 'any' type.
  Try `npm i --save-dev @types/esc-pos-encoder` if it exists or add a new declaration (.d.ts) file containing `declare module 'esc-pos-encoder';`
src/utils/thermalPrinterNative.ts(7,14): error TS2339: Property 'addListener' does not exist on type 'BluetoothSppPlugin'.
src/utils/thermalPrinterNative.ts(7,40): error TS7006: Parameter 'info' implicitly has an 'any' type.
src/utils/thermalPrinterNative.ts(8,14): error TS2339: Property 'addListener' does not exist on type 'BluetoothSppPlugin'.
src/utils/thermalPrinterNative.ts(8,47): error TS7006: Parameter 'info' implicitly has an 'any' type.
src/utils/thermalPrinterNative.ts(9,14): error TS2339: Property 'addListener' does not exist on type 'BluetoothSppPlugin'.
src/utils/thermalPrinterNative.ts(9,43): error TS7006: Parameter 'info' implicitly has an 'any' type.
src/utils/thermalPrinterNative.ts(10,14): error TS2339: Property 'addListener' does not exist on type 'BluetoothSppPlugin'.
src/utils/thermalPrinterNative.ts(10,42): error TS7006: Parameter 'device' implicitly has an 'any' type.
src/utils/thermalPrinterNative.ts(11,14): error TS2339: Property 'addListener' does not exist on type 'BluetoothSppPlugin'.
src/utils/thermalPrinterWeb.ts(1,19): error TS2304: Cannot find name 'SerialPort'.
src/utils/thermalPrinterWeb.ts(9,18): error TS2304: Cannot find name 'SerialPort'.
supabase/functions/check-ipn-config/index.ts(1,23): error TS2307: Cannot find module 'https://deno.land/std@0.168.0/http/server.ts' or its corresponding type declarations.
supabase/functions/check-ipn-config/index.ts(8,14): error TS7006: Parameter 'req' implicitly has an 'any' type.
supabase/functions/check-ipn-config/index.ts(14,28): error TS2304: Cannot find name 'Deno'.
supabase/functions/check-ipn-config/index.ts(15,29): error TS2304: Cannot find name 'Deno'.
supabase/functions/check-ipn-config/index.ts(16,32): error TS2304: Cannot find name 'Deno'.
supabase/functions/check-ipn-config/index.ts(65,37): error TS18046: 'error' is of type 'unknown'.
supabase/functions/hash-business-password/index.ts(2,23): error TS2307: Cannot find module 'https://deno.land/std@0.190.0/http/server.ts' or its corresponding type declarations.
supabase/functions/hash-business-password/index.ts(3,30): error TS2307: Cannot find module 'https://esm.sh/@supabase/supabase-js@2' or its corresponding type declarations.
supabase/functions/hash-business-password/index.ts(15,14): error TS7006: Parameter 'req' implicitly has an 'any' type.
supabase/functions/hash-business-password/index.ts(24,7): error TS2304: Cannot find name 'Deno'.
supabase/functions/hash-business-password/index.ts(25,7): error TS2304: Cannot find name 'Deno'.
supabase/functions/pesapal-ipn/index.ts(1,23): error TS2307: Cannot find module 'https://deno.land/std@0.168.0/http/server.ts' or its corresponding type declarations.
supabase/functions/pesapal-ipn/index.ts(2,30): error TS2307: Cannot find module 'https://esm.sh/@supabase/supabase-js@2' or its corresponding type declarations.
supabase/functions/pesapal-ipn/index.ts(11,22): error TS2304: Cannot find name 'Deno'.
supabase/functions/pesapal-ipn/index.ts(12,23): error TS2304: Cannot find name 'Deno'.
supabase/functions/pesapal-ipn/index.ts(13,26): error TS2304: Cannot find name 'Deno'.
supabase/functions/pesapal-ipn/index.ts(44,8): error TS2304: Cannot find name 'Deno'.
supabase/functions/pesapal-ipn/index.ts(63,7): error TS2304: Cannot find name 'Deno'.
supabase/functions/pesapal-ipn/index.ts(64,7): error TS2304: Cannot find name 'Deno'.
supabase/functions/pesapal-payment/index.ts(1,23): error TS2307: Cannot find module 'https://deno.land/std@0.168.0/http/server.ts' or its corresponding type declarations.
supabase/functions/pesapal-payment/index.ts(2,30): error TS2307: Cannot find module 'https://esm.sh/@supabase/supabase-js@2' or its corresponding type declarations.
supabase/functions/pesapal-payment/index.ts(18,22): error TS2304: Cannot find name 'Deno'.
supabase/functions/pesapal-payment/index.ts(19,23): error TS2304: Cannot find name 'Deno'.
supabase/functions/pesapal-payment/index.ts(20,26): error TS2304: Cannot find name 'Deno'.
supabase/functions/pesapal-payment/index.ts(46,22): error TS2304: Cannot find name 'Deno'.
supabase/functions/pesapal-payment/index.ts(47,23): error TS2304: Cannot find name 'Deno'.
supabase/functions/pesapal-payment/index.ts(103,22): error TS2304: Cannot find name 'Deno'.
supabase/functions/pesapal-payment/index.ts(143,14): error TS7006: Parameter 'req' implicitly has an 'any' type.
supabase/functions/pesapal-payment/index.ts(152,7): error TS2304: Cannot find name 'Deno'.
supabase/functions/pesapal-payment/index.ts(153,7): error TS2304: Cannot find name 'Deno'.
supabase/functions/pesapal-payment/index.ts(181,25): error TS2304: Cannot find name 'Deno'.
supabase/functions/print-receipt/index.ts(1,23): error TS2307: Cannot find module 'https://deno.land/std@0.168.0/http/server.ts' or its corresponding type declarations.
supabase/functions/print-receipt/index.ts(2,30): error TS2307: Cannot find module 'https://esm.sh/@supabase/supabase-js@2' or its corresponding type declarations.
supabase/functions/print-receipt/index.ts(79,14): error TS7006: Parameter 'req' implicitly has an 'any' type.
supabase/functions/print-receipt/index.ts(90,13): error TS2304: Cannot find name 'Deno'.
supabase/functions/print-receipt/index.ts(91,13): error TS2304: Cannot find name 'Deno'.
supabase/functions/print-receipt/index.ts(107,65): error TS7006: Parameter 'sum' implicitly has an 'any' type.
supabase/functions/print-receipt/index.ts(107,70): error TS7006: Parameter 'p' implicitly has an 'any' type.
supabase/functions/print-receipt/index.ts(140,36): error TS2339: Property 'payment_info' does not exist on type '{}'.
supabase/functions/send-birthday-messages/index.ts(1,23): error TS2307: Cannot find module 'https://deno.land/std@0.168.0/http/server.ts' or its corresponding type declarations.
supabase/functions/send-birthday-messages/index.ts(2,30): error TS2307: Cannot find module 'https://esm.sh/@supabase/supabase-js@2' or its corresponding type declarations.
supabase/functions/send-birthday-messages/index.ts(45,18): error TS2304: Cannot find name 'Deno'.
supabase/functions/send-birthday-messages/index.ts(46,21): error TS2304: Cannot find name 'Deno'.
supabase/functions/send-birthday-messages/index.ts(73,14): error TS7006: Parameter 'req' implicitly has an 'any' type.
supabase/functions/send-birthday-messages/index.ts(84,7): error TS2304: Cannot find name 'Deno'.
supabase/functions/send-birthday-messages/index.ts(85,7): error TS2304: Cannot find name 'Deno'.
supabase/functions/send-birthday-messages/index.ts(344,57): error TS18046: 'error' is of type 'unknown'.
supabase/functions/send-birthday-messages/index.ts(363,29): error TS18046: 'error' is of type 'unknown'.
supabase/functions/send-birthday-messages/index.ts(364,29): error TS18046: 'error' is of type 'unknown'.
supabase/functions/send-birthday-messages/index.ts(369,16): error TS18046: 'error' is of type 'unknown'.
supabase/functions/send-birthday-messages/index.ts(370,16): error TS18046: 'error' is of type 'unknown'.
supabase/functions/send-sms/index.ts(1,23): error TS2307: Cannot find module 'https://deno.land/std@0.168.0/http/server.ts' or its corresponding type declarations.
supabase/functions/send-sms/index.ts(2,30): error TS2307: Cannot find module 'https://esm.sh/@supabase/supabase-js@2' or its corresponding type declarations.
supabase/functions/send-sms/index.ts(15,18): error TS2304: Cannot find name 'Deno'.
supabase/functions/send-sms/index.ts(16,21): error TS2304: Cannot find name 'Deno'.
supabase/functions/send-sms/index.ts(54,14): error TS7006: Parameter 'req' implicitly has an 'any' type.
supabase/functions/send-sms/index.ts(66,7): error TS2304: Cannot find name 'Deno'.
supabase/functions/send-sms/index.ts(67,7): error TS2304: Cannot find name 'Deno'.
supabase/functions/send-sms/index.ts(194,37): error TS18046: 'error' is of type 'unknown'.
supabase/functions/send-sms/index.ts(195,35): error TS18046: 'error' is of type 'unknown'.
supabase/functions/send-sms/index.ts(200,16): error TS18046: 'error' is of type 'unknown'.
supabase/functions/send-sms/index.ts(201,18): error TS18046: 'error' is of type 'unknown'.
supabase/functions/verify-business-password/index.ts(2,23): error TS2307: Cannot find module 'https://deno.land/std@0.190.0/http/server.ts' or its corresponding type declarations.
supabase/functions/verify-business-password/index.ts(3,30): error TS2307: Cannot find module 'https://esm.sh/@supabase/supabase-js@2' or its corresponding type declarations.
supabase/functions/verify-business-password/index.ts(15,14): error TS7006: Parameter 'req' implicitly has an 'any' type.
supabase/functions/verify-business-password/index.ts(24,7): error TS2304: Cannot find name 'Deno'.
supabase/functions/verify-business-password/index.ts(25,7): error TS2304: Cannot find name 'Deno'.
supabase/functions/verify-pesapal-payment/index.ts(1,23): error TS2307: Cannot find module 'https://deno.land/std@0.168.0/http/server.ts' or its corresponding type declarations.
supabase/functions/verify-pesapal-payment/index.ts(2,30): error TS2307: Cannot find module 'https://esm.sh/@supabase/supabase-js@2' or its corresponding type declarations.
supabase/functions/verify-pesapal-payment/index.ts(11,22): error TS2304: Cannot find name 'Deno'.
supabase/functions/verify-pesapal-payment/index.ts(12,23): error TS2304: Cannot find name 'Deno'.
supabase/functions/verify-pesapal-payment/index.ts(13,26): error TS2304: Cannot find name 'Deno'.
supabase/functions/verify-pesapal-payment/index.ts(40,22): error TS2304: Cannot find name 'Deno'.
supabase/functions/verify-pesapal-payment/index.ts(67,25): error TS2304: Cannot find name 'Deno'.
supabase/functions/verify-pesapal-payment/index.ts(68,32): error TS2304: Cannot find name 'Deno'.
supabase/functions/verify-pesapal-payment/index.ts(69,24): error TS2304: Cannot find name 'Deno'.
supabase/functions/verify-pesapal-payment/index.ts(70,25): error TS2304: Cannot find name 'Deno'.
supabase/functions/verify-pesapal-payment/index.ts(71,28): error TS2304: Cannot find name 'Deno'.
